[DeviceArray([ 8.145368, 12.145368, 16.145367, 20.145367, 24.145367], dtype=float32)]
